comparator_core
----------------------------------------
Metal2 spacing < 0.28um (M2.2a)
----------------------------------------
 19.355um 4.805um 19.465um 4.925um
 19.465um 4.805um 19.745um 4.925um
 19.745um 4.805um 19.855um 4.925um
 19.355um 4.695um 19.855um 4.805um
----------------------------------------
Via3 width < 0.28um (V3.1 + 2 * V3.4)
----------------------------------------
 2.560um 74.665um 2.565um 74.945um
 2.560um 45.055um 2.565um 45.335um
----------------------------------------
Metal2 width < 0.28um (M2.1)
----------------------------------------
 2.645um 34.165um 2.675um 34.375um
----------------------------------------
Metal4 spacing < 0.28um (M4.2a)
----------------------------------------
 7.950um 2.445um 8.200um 2.725um
 8.230um 2.335um 8.480um 2.445um
 8.230um 2.055um 8.340um 2.335um
 8.340um 2.055um 8.480um 2.335um
 8.230um 1.945um 8.480um 2.055um
 -2.885um 88.295um -2.680um 88.405um
 -2.885um 88.405um -2.775um 88.685um
 -2.775um 88.405um -2.680um 88.685um
 -2.885um 88.685um -2.680um 88.795um
 31.550um 82.945um 31.800um 83.055um
 31.550um 83.055um 31.800um 83.335um
 31.550um 83.335um 31.800um 83.725um
----------------------------------------
[INFO] COUNT: 19
[INFO] Should be divided by 3 or 4

