
Circuit 1 cell pfet_03v3 and Circuit 2 cell pfet_03v3 are black boxes.
Warning: Equate pins:  cell pfet_03v3 is a placeholder, treated as a black box.
Warning: Equate pins:  cell pfet_03v3 is a placeholder, treated as a black box.

Subcircuit pins:
Circuit 1: pfet_03v3                       |Circuit 2: pfet_03v3                       
-------------------------------------------|-------------------------------------------
1                                          |1                                          
2                                          |2                                          
3                                          |3                                          
4                                          |4                                          
---------------------------------------------------------------------------------------
Cell pin lists are equivalent.
Device classes pfet_03v3 and pfet_03v3 are equivalent.

Circuit 1 cell nfet_03v3 and Circuit 2 cell nfet_03v3 are black boxes.
Warning: Equate pins:  cell nfet_03v3 is a placeholder, treated as a black box.
Warning: Equate pins:  cell nfet_03v3 is a placeholder, treated as a black box.

Subcircuit pins:
Circuit 1: nfet_03v3                       |Circuit 2: nfet_03v3                       
-------------------------------------------|-------------------------------------------
1                                          |1                                          
2                                          |2                                          
3                                          |3                                          
4                                          |4                                          
---------------------------------------------------------------------------------------
Cell pin lists are equivalent.
Device classes nfet_03v3 and nfet_03v3 are equivalent.

Class strongarm_comparator (0):  Merged 16 parallel devices.
Subcircuit summary:
Circuit 1: strongarm_comparator            |Circuit 2: strongarm_comparator            
-------------------------------------------|-------------------------------------------
pfet_03v3 (10->6)                          |pfet_03v3 (6)                              
nfet_03v3 (17->5)                          |nfet_03v3 (5)                              
Number of devices: 11                      |Number of devices: 11                      
Number of nets: 10                         |Number of nets: 10                         
---------------------------------------------------------------------------------------
Resolving symmetries by property value.
Resolving symmetries by pin name.
Netlists match uniquely.

Subcircuit pins:
Circuit 1: strongarm_comparator            |Circuit 2: strongarm_comparator            
-------------------------------------------|-------------------------------------------
INP                                        |INP                                        
INN                                        |INN                                        
VSS                                        |VSS                                        
VDD                                        |VDD                                        
CLK                                        |CLK                                        
OUTN                                       |OUTN                                       
OUTP                                       |OUTP                                       
---------------------------------------------------------------------------------------
Cell pin lists are equivalent.
Device classes strongarm_comparator and strongarm_comparator are equivalent.

Final result: Circuits match uniquely.
.
