
Circuit 1 cell nfet_03v3 and Circuit 2 cell nfet_03v3 are black boxes.
Warning: Equate pins:  cell nfet_03v3 is a placeholder, treated as a black box.
Warning: Equate pins:  cell nfet_03v3 is a placeholder, treated as a black box.

Subcircuit pins:
Circuit 1: nfet_03v3                       |Circuit 2: nfet_03v3                       
-------------------------------------------|-------------------------------------------
1                                          |1                                          
2                                          |2                                          
3                                          |3                                          
4                                          |4                                          
---------------------------------------------------------------------------------------
Cell pin lists are equivalent.
Device classes nfet_03v3 and nfet_03v3 are equivalent.

Circuit 1 cell pfet_03v3 and Circuit 2 cell pfet_03v3 are black boxes.
Warning: Equate pins:  cell pfet_03v3 is a placeholder, treated as a black box.
Warning: Equate pins:  cell pfet_03v3 is a placeholder, treated as a black box.

Subcircuit pins:
Circuit 1: pfet_03v3                       |Circuit 2: pfet_03v3                       
-------------------------------------------|-------------------------------------------
1                                          |1                                          
2                                          |2                                          
3                                          |3                                          
4                                          |4                                          
---------------------------------------------------------------------------------------
Cell pin lists are equivalent.
Device classes pfet_03v3 and pfet_03v3 are equivalent.

Class ota_5t (0):  Merged 15 parallel devices.
Subcircuit summary:
Circuit 1: ota_5t                          |Circuit 2: ota_5t                          
-------------------------------------------|-------------------------------------------
nfet_03v3 (12->3)                          |nfet_03v3 (3)                              
pfet_03v3 (8->2)                           |pfet_03v3 (2)                              
Number of devices: 5                       |Number of devices: 5                       
Number of nets: 8                          |Number of nets: 8                          
---------------------------------------------------------------------------------------
Netlists match uniquely with property errors.
pfet_03v3:1 vs. pfet_03v3:M3:
 w circuit1: 1.6e-05   circuit2: 4e-06   (delta=120%, cutoff=1%)
pfet_03v3:4 vs. pfet_03v3:M4:
 w circuit1: 1.6e-05   circuit2: 4e-06   (delta=120%, cutoff=1%)
nfet_03v3:0 vs. nfet_03v3:M2:
 w circuit1: 1.6e-05   circuit2: 4e-06   (delta=120%, cutoff=1%)
nfet_03v3:3 vs. nfet_03v3:M1:
 w circuit1: 1.6e-05   circuit2: 4e-06   (delta=120%, cutoff=1%)
nfet_03v3:2 vs. nfet_03v3:M5:
 w circuit1: 1.6e-05   circuit2: 4e-06   (delta=120%, cutoff=1%)

Subcircuit pins:
Circuit 1: ota_5t                          |Circuit 2: ota_5t                          
-------------------------------------------|-------------------------------------------
vss                                        |vss                                        
vdd                                        |vdd                                        
inm                                        |inm                                        
inp                                        |inp                                        
vb                                         |vb                                         
out                                        |out                                        
---------------------------------------------------------------------------------------
Cell pin lists are equivalent.
Device classes ota_5t and ota_5t are equivalent.

Final result: Circuits match uniquely.
Property errors were found.

The following cells had property errors:
 ota_5t
