
Circuit 1 cell pfet_03v3 and Circuit 2 cell pfet_03v3 are black boxes.
Warning: Equate pins:  cell pfet_03v3 is a placeholder, treated as a black box.
Warning: Equate pins:  cell pfet_03v3 is a placeholder, treated as a black box.

Subcircuit pins:
Circuit 1: pfet_03v3                       |Circuit 2: pfet_03v3                       
-------------------------------------------|-------------------------------------------
1                                          |1                                          
2                                          |2                                          
3                                          |3                                          
4                                          |4                                          
---------------------------------------------------------------------------------------
Cell pin lists are equivalent.
Device classes pfet_03v3 and pfet_03v3 are equivalent.

Circuit 1 cell nfet_03v3 and Circuit 2 cell nfet_03v3 are black boxes.
Warning: Equate pins:  cell nfet_03v3 is a placeholder, treated as a black box.
Warning: Equate pins:  cell nfet_03v3 is a placeholder, treated as a black box.

Subcircuit pins:
Circuit 1: nfet_03v3                       |Circuit 2: nfet_03v3                       
-------------------------------------------|-------------------------------------------
1                                          |1                                          
2                                          |2                                          
3                                          |3                                          
4                                          |4                                          
---------------------------------------------------------------------------------------
Cell pin lists are equivalent.
Device classes nfet_03v3 and nfet_03v3 are equivalent.

Class two_stage_comparator (0):  Merged 8 parallel devices.
Subcircuit summary:
Circuit 1: two_stage_comparator            |Circuit 2: two_stage_comparator            
-------------------------------------------|-------------------------------------------
pfet_03v3 (6->3)                           |pfet_03v3 (3)                              
nfet_03v3 (10->5)                          |nfet_03v3 (5)                              
Number of devices: 8                       |Number of devices: 8                       
Number of nets: 9                          |Number of nets: 9                          
---------------------------------------------------------------------------------------
Netlists match uniquely with property errors.
nfet_03v3:6 vs. nfet_03v3:M1:
 w circuit1: 6e-06   circuit2: 3e-06   (delta=66.7%, cutoff=1%)
nfet_03v3:1 vs. nfet_03v3:M2:
 w circuit1: 6e-06   circuit2: 3e-06   (delta=66.7%, cutoff=1%)
nfet_03v3:13 vs. nfet_03v3:M8:
 w circuit1: 6e-06   circuit2: 3e-06   (delta=66.7%, cutoff=1%)
nfet_03v3:11 vs. nfet_03v3:M5:
 w circuit1: 6e-06   circuit2: 3e-06   (delta=66.7%, cutoff=1%)
nfet_03v3:2 vs. nfet_03v3:M6:
 w circuit1: 6e-06   circuit2: 3e-06   (delta=66.7%, cutoff=1%)
pfet_03v3:3 vs. pfet_03v3:M3:
 w circuit1: 8e-06   circuit2: 4e-06   (delta=66.7%, cutoff=1%)
pfet_03v3:0 vs. pfet_03v3:M4:
 w circuit1: 8e-06   circuit2: 4e-06   (delta=66.7%, cutoff=1%)
pfet_03v3:7 vs. pfet_03v3:M7:
 w circuit1: 8e-06   circuit2: 4e-06   (delta=66.7%, cutoff=1%)

Subcircuit pins:
Circuit 1: two_stage_comparator            |Circuit 2: two_stage_comparator            
-------------------------------------------|-------------------------------------------
out                                        |out                                        
vss                                        |vss                                        
inp                                        |inp                                        
inm                                        |inm                                        
ibias                                      |ibias                                      
vdd                                        |vdd                                        
---------------------------------------------------------------------------------------
Cell pin lists are equivalent.
Device classes two_stage_comparator and two_stage_comparator are equivalent.

Final result: Circuits match uniquely.
Property errors were found.

The following cells had property errors:
 two_stage_comparator
