
Circuit 1 cell pfet_03v3 and Circuit 2 cell pfet_03v3 are black boxes.
Warning: Equate pins:  cell pfet_03v3 is a placeholder, treated as a black box.
Warning: Equate pins:  cell pfet_03v3 is a placeholder, treated as a black box.

Subcircuit pins:
Circuit 1: pfet_03v3                       |Circuit 2: pfet_03v3                       
-------------------------------------------|-------------------------------------------
1                                          |1                                          
2                                          |2                                          
3                                          |3                                          
4                                          |4                                          
---------------------------------------------------------------------------------------
Cell pin lists are equivalent.
Device classes pfet_03v3 and pfet_03v3 are equivalent.

Circuit 1 cell nfet_03v3 and Circuit 2 cell nfet_03v3 are black boxes.
Warning: Equate pins:  cell nfet_03v3 is a placeholder, treated as a black box.
Warning: Equate pins:  cell nfet_03v3 is a placeholder, treated as a black box.

Subcircuit pins:
Circuit 1: nfet_03v3                       |Circuit 2: nfet_03v3                       
-------------------------------------------|-------------------------------------------
1                                          |1                                          
2                                          |2                                          
3                                          |3                                          
4                                          |4                                          
---------------------------------------------------------------------------------------
Cell pin lists are equivalent.
Device classes nfet_03v3 and nfet_03v3 are equivalent.

Class strongarm (0):  Merged 1 parallel devices.
Class strongarm (1):  Merged 1 parallel devices.
Subcircuit summary:
Circuit 1: strongarm                       |Circuit 2: strongarm                       
-------------------------------------------|-------------------------------------------
pfet_03v3 (6->5)                           |pfet_03v3 (6->5)                           
nfet_03v3 (5)                              |nfet_03v3 (5)                              
Number of devices: 10                      |Number of devices: 10                      
Number of nets: 9                          |Number of nets: 9                          
---------------------------------------------------------------------------------------
Resolving symmetries by property value.
Resolving symmetries by pin name.
Netlists match uniquely.

Subcircuit pins:
Circuit 1: strongarm                       |Circuit 2: strongarm                       
-------------------------------------------|-------------------------------------------
vss                                        |vss                                        
inn                                        |inn                                        
inp                                        |inp                                        
vdd                                        |vdd                                        
clk                                        |clk                                        
outn                                       |outn                                       
outp                                       |outp                                       
---------------------------------------------------------------------------------------
Cell pin lists are equivalent.
Device classes strongarm and strongarm are equivalent.

Final result: Circuits match uniquely.
.
