vref_1v2
----------------------------------------
Metal2 spacing < 0.28um (M2.2a)
----------------------------------------
 15.390um 2.805um 15.500um 2.925um
 15.500um 2.805um 15.780um 2.925um
 15.780um 2.805um 15.890um 2.925um
 15.390um 2.695um 15.890um 2.805um
----------------------------------------
Via2 width < 0.28um (V2.1 + 2 * V2.3)
----------------------------------------
 15.265um 3.325um 15.500um 3.335um
 15.265um 3.085um 15.500um 3.325um
 15.500um 3.325um 15.780um 3.335um
 15.500um 3.085um 15.775um 3.325um
 15.775um 3.085um 15.780um 3.325um
----------------------------------------
Metal3 overlap of Via2 < 0.05um in one direction (V2.4i - V2.4)
----------------------------------------
 15.375um 3.035um 15.390um 3.055um
 15.375um 3.085um 15.390um 3.105um
----------------------------------------
Via3 width < 0.28um (V3.1 + 2 * V3.4)
----------------------------------------
 25.750um 39.860um 25.755um 40.140um
 15.265um 3.085um 15.375um 3.335um
 15.375um 3.195um 15.390um 3.335um
 15.375um 3.085um 15.390um 3.195um
 15.390um 3.195um 15.500um 3.335um
 15.390um 3.085um 15.500um 3.195um
 15.500um 3.195um 15.780um 3.335um
 15.500um 3.085um 15.780um 3.195um
 25.750um -3.335um 25.755um -3.055um
----------------------------------------
Metal3 overlap of Via3 < 0.05um in one direction (V3.3i - V3.3)
----------------------------------------
 15.375um 3.035um 15.390um 3.055um
 15.375um 3.085um 15.390um 3.105um
----------------------------------------
Metal4 overlap of Via3 < 0.05um in one direction (V3.4i - V3.4)
----------------------------------------
 15.375um 3.035um 15.390um 3.055um
 15.375um 3.085um 15.390um 3.105um
----------------------------------------
Metal3 spacing < 0.28um (M3.2a)
----------------------------------------
 15.110um 3.335um 15.375um 3.445um
 15.110um 3.195um 15.265um 3.335um
 15.265um 3.195um 15.375um 3.335um
 15.390um 3.085um 15.655um 3.195um
 15.390um 2.945um 15.500um 3.055um
 15.500um 2.945um 15.655um 3.055um
----------------------------------------
Metal3 width < 0.28um (M3.1)
----------------------------------------
 15.375um 3.195um 15.390um 3.335um
 15.375um 3.085um 15.390um 3.195um
 15.390um 3.195um 15.670um 3.335um
----------------------------------------
Metal4 spacing < 0.28um (M4.2a)
----------------------------------------
 -2.230um 46.295um -2.025um 46.405um
 -2.230um 46.405um -2.120um 46.685um
 -2.120um 46.405um -2.025um 46.685um
 -2.230um 46.685um -2.025um 46.795um
 15.390um 3.085um 15.655um 3.335um
 15.390um 3.335um 15.655um 3.725um
 15.390um 2.805um 15.500um 3.055um
 15.500um 2.805um 15.655um 3.055um
 15.390um 2.695um 15.655um 2.805um
----------------------------------------
Metal4 width < 0.28um (M4.1)
----------------------------------------
 15.375um 3.085um 15.390um 3.335um
----------------------------------------
[INFO] COUNT: 43
[INFO] Should be divided by 3 or 4

